[INFO] Scanning for projects...
[INFO] 
[INFO] ------------------------< com.carpool:backend >-------------------------
[INFO] Building carpool-backend 0.0.1-SNAPSHOT
[INFO]   from pom.xml
[INFO] --------------------------------[ jar ]---------------------------------
[INFO] 
[INFO] --- clean:3.3.2:clean (default-clean) @ backend ---
[INFO] Deleting D:\Project\GIT SOURCE\latest\28082026\backend\target
[INFO] 
[INFO] --- resources:3.3.1:resources (default-resources) @ backend ---
[INFO] Copying 4 resources from src\main\resources to target\classes
[INFO] Copying 37 resources from src\main\resources to target\classes
[INFO] 
[INFO] --- compiler:3.13.0:compile (default-compile) @ backend ---
[INFO] Compiling 257 source files with javac [debug parameters release 17] to target\classes
[INFO] /D:/Project/GIT SOURCE/latest/28082026/backend/src/main/java/com/carpool/dto/ApiResponse.java: Some input files use unchecked or unsafe operations.
[INFO] /D:/Project/GIT SOURCE/latest/28082026/backend/src/main/java/com/carpool/dto/ApiResponse.java: Recompile with -Xlint:unchecked for details.
[INFO] -------------------------------------------------------------
[WARNING] COMPILATION WARNING : 
[INFO] -------------------------------------------------------------
[WARNING] /D:/Project/GIT SOURCE/latest/28082026/backend/src/main/java/com/carpool/dto/ride/RideSearchRequest.java:[67,21] @Builder will ignore the initializing expression entirely. If you want the initializing expression to serve as default, add @Builder.Default. If it is not supposed to be settable during building, make the field final.
[WARNING] /D:/Project/GIT SOURCE/latest/28082026/backend/src/main/java/com/carpool/dto/ride/CreateMultiStopRideRequest.java:[70,21] @Builder will ignore the initializing expression entirely. If you want the initializing expression to serve as default, add @Builder.Default. If it is not supposed to be settable during building, make the field final.
[WARNING] /D:/Project/GIT SOURCE/latest/28082026/backend/src/main/java/com/carpool/dto/ride/CreateMultiStopRideRequest.java:[72,21] @Builder will ignore the initializing expression entirely. If you want the initializing expression to serve as default, add @Builder.Default. If it is not supposed to be settable during building, make the field final.
[WARNING] /D:/Project/GIT SOURCE/latest/28082026/backend/src/main/java/com/carpool/entity/RideStop.java:[75,21] @Builder will ignore the initializing expression entirely. If you want the initializing expression to serve as default, add @Builder.Default. If it is not supposed to be settable during building, make the field final.
[INFO] 4 warnings 
[INFO] -------------------------------------------------------------
[INFO] -------------------------------------------------------------
[ERROR] COMPILATION ERROR : 
[INFO] -------------------------------------------------------------
[ERROR] /D:/Project/GIT SOURCE/latest/28082026/backend/src/main/java/com/carpool/service/MultiStopRideService.java:[120,37] cannot find symbol
  symbol:   method getAcceptParcel()
  location: variable request of type com.carpool.dto.ride.RideCreateRequest
[ERROR] /D:/Project/GIT SOURCE/latest/28082026/backend/src/main/java/com/carpool/service/MultiStopRideService.java:[120,74] cannot find symbol
  symbol:   method getAcceptParcel()
  location: variable request of type com.carpool.dto.ride.RideCreateRequest
[INFO] 2 errors 
[INFO] -------------------------------------------------------------
[INFO] ------------------------------------------------------------------------
[INFO] BUILD FAILURE
[INFO] ------------------------------------------------------------------------
[INFO] Total time:  01:40 min
[INFO] Finished at: 2026-09-16T16:07:59+05:30
[INFO] ------------------------------------------------------------------------
[ERROR] Failed to execute goal org.apache.maven.plugins:maven-compiler-plugin:3.13.0:compile (default-compile) on project backend: Compilation failure: Compilation failure: 
[ERROR] /D:/Project/GIT SOURCE/latest/28082026/backend/src/main/java/com/carpool/service/MultiStopRideService.java:[120,37] cannot find symbol
[ERROR]   symbol:   method getAcceptParcel()
[ERROR]   location: variable request of type com.carpool.dto.ride.RideCreateRequest
[ERROR] /D:/Project/GIT SOURCE/latest/28082026/backend/src/main/java/com/carpool/service/MultiStopRideService.java:[120,74] cannot find symbol
[ERROR]   symbol:   method getAcceptParcel()
[ERROR]   location: variable request of type com.carpool.dto.ride.RideCreateRequest
[ERROR] -> [Help 1]
[ERROR] 
[ERROR] To see the full stack trace of the errors, re-run Maven with the -e switch.
[ERROR] Re-run Maven using the -X switch to enable full debug logging.
[ERROR] 
[ERROR] For more information about the errors and possible solutions, please read the following articles:
[ERROR] [Help 1] http://cwiki.apache.org/confluence/display/MAVEN/MojoFailureException
